// Jest Snapshot v1, https://goo.gl/fbAQLP

exports[`Error Component It should render 1`] = `
<h1>
  Oops! Page not found!
</h1>
`;
