// Jest Snapshot v1, https://goo.gl/fbAQLP

exports[`Quote Component It should render 1`] = `
<div
  className="quote"
>
  Mathematics is not about numbers, equations, computations, or algorithms: it is about understanding. â€“William Paul Thurston
</div>
`;
